---
source: tests/snapshot.rs
expression: plans
---
[
  {
    "pane_id": "ws1:p1",
    "set": [
      [
        "ctx_ok",
        "5%"
      ],
      [
        "model",
        "opus"
      ],
      [
        "tab",
        "T:flow"
      ]
    ],
    "clear": [
      "ctx_warn",
      "ctx_hot",
      "disk",
      "d2",
      "pane",
      "d3",
      "t1",
      "t2",
      "t3",
      "d1",
      "mo1",
      "mo2",
      "mo3"
    ],
    "seq": 1726000000000
  },
  {
    "pane_id": "ws2:p1",
    "set": [
      [
        "ctx_hot",
        "82%"
      ],
      [
        "model",
        "opus"
      ],
      [
        "tab",
        "T:1"
      ],
      [
        "pane",
        "P:vector-search-plan"
      ]
    ],
    "clear": [
      "ctx_ok",
      "ctx_warn",
      "disk",
      "d2",
      "d3",
      "t1",
      "t2",
      "t3",
      "d1",
      "mo1",
      "mo2",
      "mo3"
    ],
    "seq": 1726000000000
  },
  {
    "pane_id": "ws3:p1",
    "set": [
      [
        "ctx_ok",
        "12%"
      ],
      [
        "model",
        "opus"
      ],
      [
        "tab",
        "T:dashboard cache che…"
      ]
    ],
    "clear": [
      "ctx_warn",
      "ctx_hot",
      "disk",
      "d2",
      "pane",
      "d3",
      "t1",
      "t2",
      "t3",
      "d1",
      "mo1",
      "mo2",
      "mo3"
    ],
    "seq": 1726000000000
  },
  {
    "pane_id": "ws4:p1",
    "set": [
      [
        "ctx_ok",
        "18%"
      ],
      [
        "model",
        "fable"
      ],
      [
        "tab",
        "T:dashboard cache che…"
      ],
      [
        "pane",
        "P:backend-caching-plan"
      ]
    ],
    "clear": [
      "ctx_warn",
      "ctx_hot",
      "disk",
      "d2",
      "d3",
      "t1",
      "t2",
      "t3",
      "d1",
      "mo1",
      "mo2",
      "mo3"
    ],
    "seq": 1726000000000
  },
  {
    "pane_id": "ws5:p1",
    "set": [
      [
        "ctx_ok",
        "12%"
      ],
      [
        "model",
        "opus"
      ],
      [
        "tab",
        "T:k8s"
      ]
    ],
    "clear": [
      "ctx_warn",
      "ctx_hot",
      "disk",
      "d2",
      "pane",
      "d3",
      "t1",
      "t2",
      "t3",
      "d1",
      "mo1",
      "mo2",
      "mo3"
    ],
    "seq": 1726000000000
  },
  {
    "pane_id": "ws6:p1",
    "set": [
      [
        "ctx_ok",
        "34%"
      ],
      [
        "model",
        "opus"
      ],
      [
        "tab",
        "T:last enriched at fi…"
      ]
    ],
    "clear": [
      "ctx_warn",
      "ctx_hot",
      "disk",
      "d2",
      "pane",
      "d3",
      "t1",
      "t2",
      "t3",
      "d1",
      "mo1",
      "mo2",
      "mo3"
    ],
    "seq": 1726000000000
  },
  {
    "pane_id": "ws7:p1",
    "set": [
      [
        "ctx_ok",
        "29%"
      ],
      [
        "model",
        "fable"
      ],
      [
        "tab",
        "T:postgres analytics"
      ]
    ],
    "clear": [
      "ctx_warn",
      "ctx_hot",
      "disk",
      "d2",
      "pane",
      "d3",
      "t1",
      "t2",
      "t3",
      "d1",
      "mo1",
      "mo2",
      "mo3"
    ],
    "seq": 1726000000000
  },
  {
    "pane_id": "ws8:p1",
    "set": [
      [
        "tab",
        "T:remaining lci eleph…"
      ]
    ],
    "clear": [
      "ctx_ok",
      "ctx_warn",
      "ctx_hot",
      "model",
      "disk",
      "d2",
      "pane",
      "d3",
      "t1",
      "t2",
      "t3",
      "d1",
      "mo1",
      "mo2",
      "mo3"
    ],
    "seq": 1726000000000
  },
  {
    "pane_id": "ws9:p1",
    "set": [
      [
        "ctx_ok",
        "8%"
      ],
      [
        "model",
        "opus"
      ],
      [
        "d2",
        "master"
      ]
    ],
    "clear": [
      "ctx_warn",
      "ctx_hot",
      "disk",
      "tab",
      "pane",
      "d3",
      "t1",
      "t2",
      "t3",
      "d1",
      "mo1",
      "mo2",
      "mo3"
    ],
    "seq": 1726000000000
  },
  {
    "pane_id": "wsA:p1",
    "set": [
      [
        "ctx_warn",
        "77%"
      ],
      [
        "model",
        "fable"
      ],
      [
        "tab",
        "T:1"
      ]
    ],
    "clear": [
      "ctx_ok",
      "ctx_hot",
      "disk",
      "d2",
      "pane",
      "d3",
      "t1",
      "t2",
      "t3",
      "d1",
      "mo1",
      "mo2",
      "mo3"
    ],
    "seq": 1726000000000
  },
  {
    "pane_id": "wsB:p1",
    "set": [
      [
        "ctx_ok",
        "42%"
      ],
      [
        "model",
        "opus"
      ],
      [
        "tab",
        "T:1"
      ],
      [
        "pane",
        "P:herdr-agent-info-pl…"
      ]
    ],
    "clear": [
      "ctx_warn",
      "ctx_hot",
      "disk",
      "d2",
      "d3",
      "t1",
      "t2",
      "t3",
      "d1",
      "mo1",
      "mo2",
      "mo3"
    ],
    "seq": 1726000000000
  },
  {
    "pane_id": "wsC:p4V",
    "set": [
      [
        "ctx_ok",
        "5%"
      ],
      [
        "model",
        "opus"
      ],
      [
        "tab",
        "T:2"
      ],
      [
        "d2",
        "p4V"
      ]
    ],
    "clear": [
      "ctx_warn",
      "ctx_hot",
      "disk",
      "pane",
      "d3",
      "t1",
      "t2",
      "t3",
      "d1",
      "mo1",
      "mo2",
      "mo3"
    ],
    "seq": 1726000000000
  },
  {
    "pane_id": "wsD:p4W",
    "set": [
      [
        "ctx_ok",
        "4%"
      ],
      [
        "model",
        "opus"
      ],
      [
        "tab",
        "T:2"
      ],
      [
        "d2",
        "p4W"
      ]
    ],
    "clear": [
      "ctx_warn",
      "ctx_hot",
      "disk",
      "pane",
      "d3",
      "t1",
      "t2",
      "t3",
      "d1",
      "mo1",
      "mo2",
      "mo3"
    ],
    "seq": 1726000000000
  },
  {
    "pane_id": "wsE:p1",
    "set": [
      [
        "ctx_ok",
        "26%"
      ],
      [
        "model",
        "opus"
      ],
      [
        "tab",
        "T:1"
      ],
      [
        "pane",
        "P:worktree-fix-deskto…"
      ]
    ],
    "clear": [
      "ctx_warn",
      "ctx_hot",
      "disk",
      "d2",
      "d3",
      "t1",
      "t2",
      "t3",
      "d1",
      "mo1",
      "mo2",
      "mo3"
    ],
    "seq": 1726000000000
  }
]
